[adalightfoot.org/index.html]
[backblue.gif]
[fade.gif]
[index.html]
[adalightfoot.org/assets/images/A-TACS_FG.jpg]
[adalightfoot.org/feed.xml]
[adalightfoot.org/assets/css/main.css]
[cdn.jsdelivr.net/npm/@fortawesome/fontawesome-free@5/css/all.min.css]
[adalightfoot.org/assets/images/minuteman.jpg]
[adalightfoot.org/assets/images/spartan-logo.png]
[adalightfoot.org/about/index.html]
[adalightfoot.org/join/index.html]
[adalightfoot.org/assets/images/seal-idaho.png]
[adalightfoot.org/training/index.html]
[adalightfoot.org/index.html]
[adalightfoot.org/assets/css/main.css]
[cdn.jsdelivr.net/npm/@fortawesome/fontawesome-free@5/css/all.min.css]
[adalightfoot.org/assets/js/main.min.js]
[adalightfoot.org/contact/index.html]
[adalightfoot.org/assets/images/TIGERSTRIPE.jpg]
[adalightfoot.org/assets/pdf/Light_Foot_Militia_Standards_2020.pdf]
[adalightfoot.org/about/index.html]
[adalightfoot.org/assets/images/MULTICAM.jpg]
[adalightfoot.org/join/index.html]
[adalightfoot.org/recruits/index.html]
[adalightfoot.org/assets/images/OCP.jpg]
[adalightfoot.org/equipment/index.html]
[adalightfoot.org/safety/index.html]
[adalightfoot.org/training/index.html]
[adalightfoot.org/arms-qualifications/index.html]
[adalightfoot.org/apply/index.html]
[assets.mlcdn.com/fontsc1d2.css]
[adalightfoot.org/contact/index.html]
[adalightfoot.org/recruits/index.html]
[static.mailerlite.com/js/w/webforms.minc826.js]
[adalightfoot.org/assets/pdf/uv5r.pdf]
[adalightfoot.org/equipment/index.html]
[adalightfoot.org/safety/index.html]
[adalightfoot.org/arms-qualifications/index.html]
[www.google.com/recaptcha/api.js]
[adalightfoot.org/apply/index.html]
[assets.mlcdn.com/fontsc1d2.css]
[adalightfoot.org/assets/pdf/uv5r.html]
